\BOOKMARK [1][-]{section.1}{\376\377\000I\000n\000t\000r\000o\000d\000u\000c\000t\000i\000o\000n}{}% 1
\BOOKMARK [1][-]{section.2}{\376\377\000L\000i\000t\000e\000r\000a\000t\000u\000r\000e\000\040\000R\000e\000v\000i\000e\000w}{}% 2
\BOOKMARK [1][-]{section.3}{\376\377\000B\000a\000c\000k\000g\000r\000o\000u\000n\000d\000\040\000\046\000\040\000D\000a\000t\000a}{}% 3
\BOOKMARK [2][-]{subsection.3.1}{\376\377\000H\000o\000w\000\040\000a\000r\000e\000\040\000r\000o\000a\000d\000s\000\040\000f\000u\000n\000d\000e\000d\000\040\000i\000n\000\040\000O\000h\000i\000o\000?}{section.3}% 4
\BOOKMARK [2][-]{subsection.3.2}{\376\377\000L\000o\000c\000a\000l\000\040\000T\000a\000x\000a\000t\000i\000o\000n\000\040\000i\000n\000\040\000O\000h\000i\000o}{section.3}% 5
\BOOKMARK [2][-]{subsection.3.3}{\376\377\000T\000a\000x\000\040\000C\000u\000t\000s\000\040\000\046\000\040\000E\000v\000i\000d\000e\000n\000c\000e\000\040\000o\000f\000\040\000R\000o\000a\000d\000\040\000Q\000u\000a\000l\000i\000t\000y}{section.3}% 6
\BOOKMARK [2][-]{subsection.3.4}{\376\377\000R\000u\000n\000n\000i\000n\000g\000\040\000V\000a\000r\000i\000a\000b\000l\000e}{section.3}% 7
\BOOKMARK [2][-]{subsection.3.5}{\376\377\000O\000u\000t\000c\000o\000m\000e\000\040\000V\000a\000r\000i\000a\000b\000l\000e\000:\000\040\000M\000e\000d\000i\000a\000n\000\040\000H\000o\000u\000s\000e\000\040\000P\000r\000i\000c\000e}{section.3}% 8
\BOOKMARK [2][-]{subsection.3.6}{\376\377\000C\000o\000v\000a\000r\000i\000a\000t\000e\000s}{section.3}% 9
\BOOKMARK [1][-]{section.4}{\376\377\000E\000m\000p\000i\000r\000i\000c\000a\000l\000\040\000S\000t\000r\000a\000t\000e\000g\000y}{}% 10
\BOOKMARK [2][-]{subsection.4.1}{\376\377\000R\000e\000g\000r\000e\000s\000s\000i\000o\000n\000\040\000D\000i\000s\000c\000o\000n\000t\000i\000n\000u\000i\000t\000y\000\040\000i\000n\000\040\000P\000a\000n\000e\000l\000\040\000D\000a\000t\000a\000\040\000S\000e\000t\000t\000i\000n\000g}{section.4}% 11
\BOOKMARK [2][-]{subsection.4.2}{\376\377\000I\000n\000t\000e\000n\000t\000-\000t\000o\000-\000T\000r\000e\000a\000t\000\040\000\050\000I\000T\000T\000\051\000\040\000E\000s\000t\000i\000m\000a\000t\000o\000r}{section.4}% 12
\BOOKMARK [1][-]{section.5}{\376\377\000R\000e\000s\000u\000l\000t\000s}{}% 13
\BOOKMARK [2][-]{subsection.5.1}{\376\377\000R\000o\000a\000d\000\040\000Q\000u\000a\000l\000i\000t\000y\000\040\000D\000e\000c\000l\000i\000n\000e}{section.5}% 14
\BOOKMARK [2][-]{subsection.5.2}{\376\377\000H\000o\000u\000s\000e\000\040\000P\000r\000i\000c\000e\000s\000\040\000D\000e\000c\000l\000i\000n\000e}{section.5}% 15
\BOOKMARK [2][-]{subsection.5.3}{\376\377\000H\000e\000t\000e\000r\000o\000g\000e\000n\000e\000i\000t\000y\000\040\000A\000n\000a\000l\000y\000s\000i\000s}{section.5}% 16
\BOOKMARK [2][-]{subsection.5.4}{\376\377\000R\000o\000b\000u\000s\000t\000n\000e\000s\000s\000\040\000T\000e\000s\000t\000s}{section.5}% 17
\BOOKMARK [1][-]{section.6}{\376\377\000M\000e\000c\000h\000a\000n\000i\000s\000m\000s}{}% 18
\BOOKMARK [1][-]{section.7}{\376\377\000C\000o\000n\000c\000l\000u\000s\000i\000o\000n}{}% 19
\BOOKMARK [1][-]{appendix.A}{\376\377\000A\000d\000d\000i\000t\000i\000o\000n\000a\000l\000\040\000T\000a\000b\000l\000e\000s}{}% 20
\BOOKMARK [2][-]{subsection.A.1}{\376\377\000F\000u\000l\000l\000\040\000s\000e\000t\000\040\000o\000f\000\040\000T\000r\000e\000a\000t\000m\000e\000n\000t\000\040\000E\000f\000f\000e\000c\000t\000s}{appendix.A}% 21
\BOOKMARK [1][-]{appendix.B}{\376\377\000A\000d\000d\000i\000t\000i\000o\000n\000a\000l\000\040\000R\000o\000b\000u\000s\000t\000n\000e\000s\000s\000\040\000T\000e\000s\000t\000s}{}% 22
\BOOKMARK [2][-]{subsection.B.1}{\376\377\000C\000o\000v\000a\000r\000i\000a\000t\000e\000\040\000D\000i\000s\000c\000o\000n\000t\000i\000n\000u\000i\000t\000y\000\040\000T\000a\000b\000l\000e}{appendix.B}% 23
\BOOKMARK [2][-]{subsection.B.2}{\376\377\000C\000o\000v\000a\000r\000i\000a\000t\000e\000\040\000D\000i\000s\000c\000o\000n\000t\000i\000n\000u\000i\000t\000y\000\040\000P\000l\000o\000t\000s}{appendix.B}% 24
\BOOKMARK [2][-]{subsection.B.3}{\376\377\000B\000a\000n\000d\000w\000i\000d\000t\000h\000\040\000S\000e\000n\000s\000i\000t\000i\000v\000i\000t\000y\000\040\000A\000n\000a\000l\000y\000s\000i\000s}{appendix.B}% 25
\BOOKMARK [1][-]{appendix.C}{\376\377\000A\000\040\000D\000y\000n\000a\000m\000i\000c\000\040\000G\000e\000n\000e\000r\000a\000l\000\040\000E\000q\000u\000i\000l\000i\000b\000r\000i\000u\000m\000\040\000M\000o\000d\000e\000l\000\040\000o\000f\000\040\000R\000o\000a\000d\000s}{}% 26
\BOOKMARK [2][-]{subsection.C.1}{\376\377\000R\000e\000p\000r\000e\000s\000e\000n\000t\000a\000t\000i\000v\000e\000\040\000H\000o\000u\000s\000e\000h\000o\000l\000d}{appendix.C}% 27
\BOOKMARK [2][-]{subsection.C.2}{\376\377\000R\000e\000p\000r\000e\000s\000e\000n\000t\000a\000t\000i\000v\000e\000\040\000F\000i\000r\000m}{appendix.C}% 28
\BOOKMARK [2][-]{subsection.C.3}{\376\377\000G\000o\000v\000e\000r\000n\000m\000e\000n\000t\000\040\000a\000n\000d\000\040\000P\000u\000b\000l\000i\000c\000\040\000I\000n\000f\000r\000a\000s\000t\000r\000u\000c\000t\000u\000r\000e}{appendix.C}% 29
\BOOKMARK [2][-]{subsection.C.4}{\376\377\000H\000o\000u\000s\000i\000n\000g\000\040\000M\000a\000r\000k\000e\000t}{appendix.C}% 30
\BOOKMARK [2][-]{subsection.C.5}{\376\377\000C\000o\000m\000p\000e\000t\000i\000t\000i\000v\000e\000\040\000E\000q\000u\000i\000l\000i\000b\000r\000i\000u\000m}{appendix.C}% 31
\BOOKMARK [2][-]{subsection.C.6}{\376\377\000S\000o\000l\000v\000i\000n\000g\000\040\000t\000h\000e\000\040\000m\000o\000d\000e\000l}{appendix.C}% 32
\BOOKMARK [3][-]{subsubsection.C.6.1}{\376\377\000S\000y\000s\000t\000e\000m\000\040\000o\000f\000\040\000E\000q\000u\000i\000l\000i\000b\000r\000i\000u\000m\000\040\000E\000q\000u\000a\000t\000i\000o\000n\000s}{subsection.C.6}% 33
\BOOKMARK [2][-]{subsection.C.7}{\376\377\000T\000r\000a\000n\000s\000i\000t\000i\000o\000n\000a\000l\000\040\000D\000y\000n\000a\000m\000i\000c\000s\000\040\000a\000n\000d\000\040\000W\000e\000l\000f\000a\000r\000e\000\040\000A\000n\000a\000l\000y\000s\000i\000s}{appendix.C}% 34
\BOOKMARK [2][-]{subsection.C.8}{\376\377\000D\000i\000s\000c\000u\000s\000s\000i\000o\000n\000\040\000o\000f\000\040\000P\000o\000l\000i\000c\000y\000\040\000S\000h\000o\000c\000k}{appendix.C}% 35
\BOOKMARK [2][-]{subsection.C.9}{\376\377\000M\000o\000d\000e\000l\000\040\000C\000a\000l\000i\000b\000r\000a\000t\000i\000o\000n}{appendix.C}% 36
\BOOKMARK [2][-]{subsection.C.10}{\376\377\000M\000o\000d\000e\000l\000\040\000R\000e\000s\000u\000l\000t\000s}{appendix.C}% 37
\BOOKMARK [2][-]{subsection.C.11}{\376\377\000M\000o\000d\000e\000l\000\040\000L\000i\000m\000i\000t\000a\000t\000i\000o\000n\000s}{appendix.C}% 38
\BOOKMARK [2][-]{subsection.C.12}{\376\377\000D\000e\000r\000i\000v\000a\000t\000i\000o\000n\000s\000\040\000o\000f\000\040\000K\000e\000y\000\040\000E\000q\000u\000a\000t\000i\000o\000n\000s}{appendix.C}% 39
\BOOKMARK [3][-]{subsubsection.C.12.1}{\376\377\000D\000e\000r\000i\000v\000a\000t\000i\000o\000n\000\040\000o\000f\000\040\000t\000h\000e\000\040\000E\000u\000l\000e\000r\000\040\000E\000q\000u\000a\000t\000i\000o\000n\000\040\000f\000o\000r\000\040\000c\000o\000n\000s\000u\000m\000p\000t\000i\000o\000n\000\040\0001\0004}{subsection.C.12}% 40
\BOOKMARK [3][-]{subsubsection.C.12.2}{\376\377\000L\000a\000b\000o\000r\040\023\000l\000e\000i\000s\000u\000r\000e\000\040\000t\000r\000a\000d\000e\040\023\000o\000f\000f\000\040}{subsection.C.12}% 41
\BOOKMARK [3][-]{subsubsection.C.12.3}{\376\377\000E\000u\000l\000e\000r\000\040\000e\000q\000u\000a\000t\000i\000o\000n\000\040\000f\000o\000r\000\040\000H\000o\000u\000s\000i\000n\000g}{subsection.C.12}% 42
