\BOOKMARK [1][-]{section.1}{\376\377\000I\000n\000t\000r\000o\000d\000u\000c\000t\000i\000o\000n}{}% 1
\BOOKMARK [1][-]{section.2}{\376\377\000R\000e\000l\000a\000t\000e\000d\000\040\000L\000i\000t\000e\000r\000a\000t\000u\000r\000e}{}% 2
\BOOKMARK [1][-]{section.3}{\376\377\000B\000a\000c\000k\000g\000r\000o\000u\000n\000d\000\040\000\046\000\040\000D\000a\000t\000a}{}% 3
\BOOKMARK [2][-]{subsection.3.1}{\376\377\000H\000o\000w\000\040\000a\000r\000e\000\040\000r\000o\000a\000d\000s\000\040\000f\000u\000n\000d\000e\000d\000\040\000i\000n\000\040\000O\000h\000i\000o\000?}{section.3}% 4
\BOOKMARK [2][-]{subsection.3.2}{\376\377\000L\000o\000c\000a\000l\000\040\000T\000a\000x\000a\000t\000i\000o\000n\000\040\000i\000n\000\040\000O\000h\000i\000o}{section.3}% 5
\BOOKMARK [2][-]{subsection.3.3}{\376\377\000R\000u\000n\000n\000i\000n\000g\000\040\000V\000a\000r\000i\000a\000b\000l\000e}{section.3}% 6
\BOOKMARK [2][-]{subsection.3.4}{\376\377\000T\000a\000x\000\040\000C\000u\000t\000s\000\040\000\046\000\040\000E\000v\000i\000d\000e\000n\000c\000e\000\040\000o\000f\000\040\000R\000o\000a\000d\000\040\000Q\000u\000a\000l\000i\000t\000y}{section.3}% 7
\BOOKMARK [2][-]{subsection.3.5}{\376\377\000O\000u\000t\000c\000o\000m\000e\000\040\000V\000a\000r\000i\000a\000b\000l\000e\000:\000\040\000M\000e\000d\000i\000a\000n\000\040\000H\000o\000u\000s\000e\000\040\000P\000r\000i\000c\000e}{section.3}% 8
\BOOKMARK [2][-]{subsection.3.6}{\376\377\000C\000o\000v\000a\000r\000i\000a\000t\000e\000s}{section.3}% 9
\BOOKMARK [1][-]{section.4}{\376\377\000E\000m\000p\000i\000r\000i\000c\000a\000l\000\040\000S\000t\000r\000a\000t\000e\000g\000y}{}% 10
\BOOKMARK [2][-]{subsection.4.1}{\376\377\000R\000e\000g\000r\000e\000s\000s\000i\000o\000n\000\040\000D\000i\000s\000c\000o\000n\000t\000i\000n\000u\000i\000t\000y\000\040\000i\000n\000\040\000P\000a\000n\000e\000l\000\040\000D\000a\000t\000a\000\040\000S\000e\000t\000t\000i\000n\000g}{section.4}% 11
\BOOKMARK [2][-]{subsection.4.2}{\376\377\000I\000n\000t\000e\000n\000t\000-\000t\000o\000-\000T\000r\000e\000a\000t\000\040\000\050\000I\000T\000T\000\051\000\040\000E\000s\000t\000i\000m\000a\000t\000o\000r}{section.4}% 12
\BOOKMARK [2][-]{subsection.4.3}{\376\377\000T\000e\000s\000t\000i\000n\000g\000\040\000f\000o\000r\000\040\000A\000n\000t\000i\000c\000i\000p\000a\000t\000i\000o\000n\000\040\000u\000n\000d\000e\000r\000\040\000R\000a\000t\000i\000o\000n\000a\000l\000\040\000E\000x\000p\000e\000c\000t\000a\000t\000i\000o\000n\000s}{section.4}% 13
\BOOKMARK [1][-]{section.5}{\376\377\000R\000e\000s\000u\000l\000t\000s}{}% 14
\BOOKMARK [2][-]{subsection.5.1}{\376\377\000R\000o\000a\000d\000\040\000Q\000u\000a\000l\000i\000t\000y\000\040\000D\000e\000c\000l\000i\000n\000e}{section.5}% 15
\BOOKMARK [2][-]{subsection.5.2}{\376\377\000H\000o\000u\000s\000e\000\040\000P\000r\000i\000c\000e\000s\000\040\000D\000e\000c\000l\000i\000n\000e}{section.5}% 16
\BOOKMARK [2][-]{subsection.5.3}{\376\377\000H\000e\000t\000e\000r\000o\000g\000e\000n\000e\000i\000t\000y\000\040\000A\000n\000a\000l\000y\000s\000i\000s}{section.5}% 17
\BOOKMARK [2][-]{subsection.5.4}{\376\377\000R\000o\000b\000u\000s\000t\000n\000e\000s\000s\000\040\000T\000e\000s\000t\000s}{section.5}% 18
\BOOKMARK [1][-]{section.6}{\376\377\000C\000a\000p\000i\000t\000a\000l\000i\000z\000a\000t\000i\000o\000n\000\040\000u\000n\000d\000e\000r\000\040\000R\000a\000t\000i\000o\000n\000a\000l\000\040\000E\000x\000p\000e\000c\000t\000a\000t\000i\000o\000n\000s\000:\000\040\000T\000h\000e\000\040\000E\000m\000p\000i\000r\000i\000c\000a\000l\000\040\000W\000e\000d\000g\000e}{}% 19
\BOOKMARK [2][-]{subsection.6.1}{\376\377\000T\000h\000e\000\040\000R\000a\000t\000i\000o\000n\000a\000l\000-\000E\000x\000p\000e\000c\000t\000a\000t\000i\000o\000n\000s\000\040\000B\000e\000n\000c\000h\000m\000a\000r\000k}{section.6}% 20
\BOOKMARK [2][-]{subsection.6.2}{\376\377\000T\000h\000e\000\040\000E\000m\000p\000i\000r\000i\000c\000a\000l\000\040\000W\000e\000d\000g\000e}{section.6}% 21
\BOOKMARK [2][-]{subsection.6.3}{\376\377\000C\000a\000n\000d\000i\000d\000a\000t\000e\000\040\000M\000e\000c\000h\000a\000n\000i\000s\000m\000s}{section.6}% 22
\BOOKMARK [2][-]{subsection.6.4}{\376\377\000D\000i\000s\000t\000i\000n\000g\000u\000i\000s\000h\000i\000n\000g\000\040\000t\000h\000e\000\040\000F\000r\000i\000c\000t\000i\000o\000n\000l\000e\000s\000s\000\040\000R\000E\000\040\000B\000e\000n\000c\000h\000m\000a\000r\000k\000\040\000E\000m\000p\000i\000r\000i\000c\000a\000l\000l\000y}{section.6}% 23
\BOOKMARK [1][-]{section.7}{\376\377\000M\000e\000c\000h\000a\000n\000i\000s\000m\000s\000:\000\040\000A\000\040\000D\000y\000n\000a\000m\000i\000c\000\040\000E\000q\000u\000i\000l\000i\000b\000r\000i\000u\000m\000\040\000M\000o\000d\000e\000l\000\040\000w\000i\000t\000h\000\040\000B\000e\000l\000i\000e\000f\000\040\000U\000p\000d\000a\000t\000i\000n\000g}{}% 24
\BOOKMARK [2][-]{subsection.7.1}{\376\377\000R\000a\000t\000i\000o\000n\000a\000l\000-\000E\000x\000p\000e\000c\000t\000a\000t\000i\000o\000n\000s\000\040\000C\000a\000p\000i\000t\000a\000l\000i\000z\000a\000t\000i\000o\000n\000\040\000B\000e\000n\000c\000h\000m\000a\000r\000k}{section.7}% 25
\BOOKMARK [2][-]{subsection.7.2}{\376\377\000R\000e\000p\000r\000e\000s\000e\000n\000t\000a\000t\000i\000v\000e\000\040\000H\000o\000u\000s\000e\000h\000o\000l\000d}{section.7}% 26
\BOOKMARK [2][-]{subsection.7.3}{\376\377\000R\000e\000p\000r\000e\000s\000e\000n\000t\000a\000t\000i\000v\000e\000\040\000F\000i\000r\000m}{section.7}% 27
\BOOKMARK [2][-]{subsection.7.4}{\376\377\000G\000o\000v\000e\000r\000n\000m\000e\000n\000t\000\040\000a\000n\000d\000\040\000P\000u\000b\000l\000i\000c\000\040\000I\000n\000f\000r\000a\000s\000t\000r\000u\000c\000t\000u\000r\000e}{section.7}% 28
\BOOKMARK [2][-]{subsection.7.5}{\376\377\000H\000o\000u\000s\000i\000n\000g\000\040\000M\000a\000r\000k\000e\000t}{section.7}% 29
\BOOKMARK [2][-]{subsection.7.6}{\376\377\000C\000o\000m\000p\000e\000t\000i\000t\000i\000v\000e\000\040\000E\000q\000u\000i\000l\000i\000b\000r\000i\000u\000m}{section.7}% 30
\BOOKMARK [2][-]{subsection.7.7}{\376\377\000S\000o\000l\000v\000i\000n\000g\000\040\000t\000h\000e\000\040\000m\000o\000d\000e\000l}{section.7}% 31
\BOOKMARK [3][-]{subsubsection.7.7.1}{\376\377\000S\000y\000s\000t\000e\000m\000\040\000o\000f\000\040\000E\000q\000u\000i\000l\000i\000b\000r\000i\000u\000m\000\040\000E\000q\000u\000a\000t\000i\000o\000n\000s}{subsection.7.7}% 32
\BOOKMARK [2][-]{subsection.7.8}{\376\377\000T\000r\000a\000n\000s\000i\000t\000i\000o\000n\000a\000l\000\040\000D\000y\000n\000a\000m\000i\000c\000s\000\040\000a\000n\000d\000\040\000W\000e\000l\000f\000a\000r\000e\000\040\000A\000n\000a\000l\000y\000s\000i\000s}{section.7}% 33
\BOOKMARK [2][-]{subsection.7.9}{\376\377\000D\000i\000s\000c\000u\000s\000s\000i\000o\000n\000\040\000o\000f\000\040\000P\000o\000l\000i\000c\000y\000\040\000S\000h\000o\000c\000k}{section.7}% 34
\BOOKMARK [2][-]{subsection.7.10}{\376\377\000M\000o\000d\000e\000l\000\040\000C\000a\000l\000i\000b\000r\000a\000t\000i\000o\000n}{section.7}% 35
\BOOKMARK [2][-]{subsection.7.11}{\376\377\000M\000o\000d\000e\000l\000\040\000R\000e\000s\000u\000l\000t\000s}{section.7}% 36
\BOOKMARK [2][-]{subsection.7.12}{\376\377\000B\000e\000l\000i\000e\000f\000-\000U\000p\000d\000a\000t\000i\000n\000g\000\040\000M\000i\000c\000r\000o\000f\000o\000u\000n\000d\000a\000t\000i\000o\000n}{section.7}% 37
\BOOKMARK [3][-]{subsubsection.7.12.1}{\376\377\000I\000n\000f\000o\000r\000m\000a\000t\000i\000o\000n\000\040\000E\000n\000v\000i\000r\000o\000n\000m\000e\000n\000t}{subsection.7.12}% 38
\BOOKMARK [3][-]{subsubsection.7.12.2}{\376\377\000E\000q\000u\000i\000l\000i\000b\000r\000i\000u\000m\000\040\000P\000r\000i\000c\000i\000n\000g}{subsection.7.12}% 39
\BOOKMARK [3][-]{subsubsection.7.12.3}{\376\377\000C\000r\000o\000s\000s\000-\000S\000e\000c\000t\000i\000o\000n\000a\000l\000\040\000I\000m\000p\000l\000i\000c\000a\000t\000i\000o\000n\000s}{subsection.7.12}% 40
\BOOKMARK [3][-]{subsubsection.7.12.4}{\376\377\000C\000a\000l\000i\000b\000r\000a\000t\000i\000o\000n\000\040\000a\000n\000d\000\040\000I\000d\000e\000n\000t\000i\000f\000i\000c\000a\000t\000i\000o\000n\000\040\000o\000f\000\040\000s\000i\000g\000m\000a\000b\000a\000r}{subsection.7.12}% 41
\BOOKMARK [2][-]{subsection.7.13}{\376\377\000M\000o\000d\000e\000l\000\040\000L\000i\000m\000i\000t\000a\000t\000i\000o\000n\000s}{section.7}% 42
\BOOKMARK [2][-]{subsection.7.14}{\376\377\000D\000e\000r\000i\000v\000a\000t\000i\000o\000n\000s\000\040\000o\000f\000\040\000K\000e\000y\000\040\000E\000q\000u\000a\000t\000i\000o\000n\000s}{section.7}% 43
\BOOKMARK [3][-]{subsubsection.7.14.1}{\376\377\000D\000e\000r\000i\000v\000a\000t\000i\000o\000n\000\040\000o\000f\000\040\000t\000h\000e\000\040\000E\000u\000l\000e\000r\000\040\000E\000q\000u\000a\000t\000i\000o\000n\000\040\000f\000o\000r\000\040\000c\000o\000n\000s\000u\000m\000p\000t\000i\000o\000n\000\040\0001\0004}{subsection.7.14}% 44
\BOOKMARK [3][-]{subsubsection.7.14.2}{\376\377\000L\000a\000b\000o\000r\040\023\000l\000e\000i\000s\000u\000r\000e\000\040\000t\000r\000a\000d\000e\040\023\000o\000f\000f\000\040}{subsection.7.14}% 45
\BOOKMARK [3][-]{subsubsection.7.14.3}{\376\377\000E\000u\000l\000e\000r\000\040\000e\000q\000u\000a\000t\000i\000o\000n\000\040\000f\000o\000r\000\040\000H\000o\000u\000s\000i\000n\000g}{subsection.7.14}% 46
\BOOKMARK [1][-]{section.8}{\376\377\000W\000e\000l\000f\000a\000r\000e\000\040\000A\000n\000a\000l\000y\000s\000i\000s}{}% 47
\BOOKMARK [2][-]{subsection.8.1}{\376\377\000T\000h\000e\000\040\000C\000a\000p\000i\000t\000a\000l\000i\000z\000a\000t\000i\000o\000n\000\040\000G\000a\000p}{section.8}% 48
\BOOKMARK [2][-]{subsection.8.2}{\376\377\000M\000a\000r\000g\000i\000n\000a\000l\000\040\000V\000a\000l\000u\000e\000\040\000o\000f\000\040\000P\000u\000b\000l\000i\000c\000\040\000F\000u\000n\000d\000s}{section.8}% 49
\BOOKMARK [2][-]{subsection.8.3}{\376\377\000B\000e\000h\000a\000v\000i\000o\000r\000a\000l\000\040\000W\000e\000l\000f\000a\000r\000e\000\040\000A\000d\000j\000u\000s\000t\000m\000e\000n\000t}{section.8}% 50
\BOOKMARK [2][-]{subsection.8.4}{\376\377\000P\000o\000l\000i\000c\000y\000\040\000I\000m\000p\000l\000i\000c\000a\000t\000i\000o\000n\000s}{section.8}% 51
\BOOKMARK [1][-]{section.9}{\376\377\000C\000o\000n\000c\000l\000u\000s\000i\000o\000n}{}% 52
\BOOKMARK [1][-]{appendix.A}{\376\377\000R\000o\000a\000d\000\040\000T\000a\000x\000\040\000R\000e\000n\000e\000w\000a\000l\000\040\000E\000l\000e\000c\000t\000i\000o\000n\000s\000\040\000i\000n\000\040\000O\000h\000i\000o}{}% 53
\BOOKMARK [1][-]{appendix.B}{\376\377\000A\000d\000d\000i\000t\000i\000o\000n\000a\000l\000\040\000T\000a\000b\000l\000e\000s}{}% 54
\BOOKMARK [2][-]{subsection.B.1}{\376\377\000F\000u\000l\000l\000\040\000s\000e\000t\000\040\000o\000f\000\040\000T\000r\000e\000a\000t\000m\000e\000n\000t\000\040\000E\000f\000f\000e\000c\000t\000s}{appendix.B}% 55
\BOOKMARK [1][-]{appendix.C}{\376\377\000A\000d\000d\000i\000t\000i\000o\000n\000a\000l\000\040\000R\000o\000b\000u\000s\000t\000n\000e\000s\000s\000\040\000T\000e\000s\000t\000s}{}% 56
\BOOKMARK [2][-]{subsection.C.1}{\376\377\000C\000o\000v\000a\000r\000i\000a\000t\000e\000\040\000D\000i\000s\000c\000o\000n\000t\000i\000n\000u\000i\000t\000y\000\040\000T\000a\000b\000l\000e}{appendix.C}% 57
\BOOKMARK [2][-]{subsection.C.2}{\376\377\000C\000o\000v\000a\000r\000i\000a\000t\000e\000\040\000D\000i\000s\000c\000o\000n\000t\000i\000n\000u\000i\000t\000y\000\040\000P\000l\000o\000t\000s}{appendix.C}% 58
\BOOKMARK [2][-]{subsection.C.3}{\376\377\000H\000e\000d\000o\000n\000i\000c\000\040\000B\000a\000l\000a\000n\000c\000e\000\040\000C\000h\000e\000c\000k}{appendix.C}% 59
\BOOKMARK [2][-]{subsection.C.4}{\376\377\000B\000a\000n\000d\000w\000i\000d\000t\000h\000\040\000S\000e\000n\000s\000i\000t\000i\000v\000i\000t\000y\000\040\000A\000n\000a\000l\000y\000s\000i\000s}{appendix.C}% 60
\BOOKMARK [2][-]{subsection.C.5}{\376\377\000R\000o\000a\000d\000\040\000Q\000u\000a\000l\000i\000t\000y\000\040\000R\000D\000\040\000B\000a\000n\000d\000w\000i\000d\000t\000h\000\040\000S\000e\000n\000s\000i\000t\000i\000v\000i\000t\000y}{appendix.C}% 61
\BOOKMARK [1][-]{appendix.D}{\376\377\000A\000d\000d\000i\000t\000i\000o\000n\000a\000l\000\040\000D\000e\000t\000a\000i\000l\000s\000\040\000o\000n\000\040\000t\000h\000e\000\040\000D\000y\000n\000a\000m\000i\000c\000\040\000E\000q\000u\000i\000l\000i\000b\000r\000i\000u\000m\000\040\000M\000o\000d\000e\000l}{}% 62
\BOOKMARK [1][-]{appendix.E}{\376\377\000A\000n\000t\000i\000c\000i\000p\000a\000t\000i\000o\000n\000-\000T\000e\000s\000t\000\040\000D\000i\000a\000g\000n\000o\000s\000t\000i\000c\000s}{}% 63
\BOOKMARK [1][-]{appendix.F}{\376\377\000P\000l\000a\000c\000e\000b\000o\000:\000\040\000N\000o\000n\000-\000R\000e\000n\000e\000w\000a\000l\000\040\000L\000o\000c\000a\000l\000\040\000E\000l\000e\000c\000t\000i\000o\000n\000s}{}% 64
\BOOKMARK [1][-]{appendix.G}{\376\377\000V\000o\000t\000e\000-\000S\000h\000a\000r\000e\000\040\000H\000e\000t\000e\000r\000o\000g\000e\000n\000e\000i\000t\000y\000:\000\040\000T\000e\000s\000t\000s\000\040\000o\000f\000\040\000V\000o\000t\000e\000r\000\040\000M\000y\000o\000p\000i\000a}{}% 65
\BOOKMARK [1][-]{appendix.H}{\376\377\000H\000e\000t\000e\000r\000o\000g\000e\000n\000e\000i\000t\000y\000\040\000b\000y\000\040\000L\000o\000c\000a\000l\000\040\000M\000e\000d\000i\000a\000\040\000C\000o\000v\000e\000r\000a\000g\000e}{}% 66
\BOOKMARK [1][-]{appendix.I}{\376\377\000C\000o\000m\000p\000u\000t\000e\000r\000-\000V\000i\000s\000i\000o\000n\000\040\000F\000i\000n\000e\000-\000T\000u\000n\000i\000n\000g}{}% 67
\BOOKMARK [1][-]{appendix.J}{\376\377\000R\000o\000a\000d\000-\000Q\000u\000a\000l\000i\000t\000y\000\040\000V\000i\000s\000i\000o\000n\000\040\000M\000o\000d\000e\000l\000:\000\040\000F\000i\000n\000e\000-\000T\000u\000n\000i\000n\000g\000\040\000a\000n\000d\000\040\000E\000v\000a\000l\000u\000a\000t\000i\000o\000n}{}% 68
\BOOKMARK [1][-]{appendix.K}{\376\377\000M\000V\000P\000F\000\040\000C\000a\000l\000c\000u\000l\000a\000t\000i\000o\000n}{}% 69
